* using log directory ‘/home/cosmo/net/malaria/Cosmo/packages/MINTer/MINTer.Rcheck’
* using R version 4.4.3 (2025-02-28)
* using platform: x86_64-redhat-linux-gnu
* R was compiled by
    gcc (GCC) 14.2.1 20250110 (Red Hat 14.2.1-7)
    GNU Fortran (GCC) 14.2.1 20250110 (Red Hat 14.2.1-7)
* running under: Fedora Linux 41 (Workstation Edition)
* using session charset: UTF-8
* checking for file ‘MINTer/DESCRIPTION’ ... OK
* this is package ‘MINTer’ version ‘0.3.0’
* package encoding: UTF-8
* checking package namespace information ... OK
* checking package dependencies ... OK
* checking if this is a source package ... OK
* checking if there is a namespace ... OK
* checking for executable files ... OK
* checking for hidden files and directories ... OK
* checking for portable file names ... OK
* checking for sufficient/correct file permissions ... OK
* checking whether package ‘MINTer’ can be installed ... OK
* checking installed package size ... NOTE
  installed size is 34.7Mb
  sub-directories of 1Mb or more:
    python  33.2Mb
* checking package directory ... OK
* checking ‘build’ directory ... OK
* checking DESCRIPTION meta-information ... NOTE
Licence stub is invalid DCF.
* checking top-level files ... OK
* checking for left-over files ... OK
* checking index information ... OK
* checking package subdirectories ... OK
* checking code files for non-ASCII characters ... OK
* checking R files for syntax errors ... OK
* checking whether the package can be loaded ... OK
* checking whether the package can be loaded with stated dependencies ... OK
* checking whether the package can be unloaded cleanly ... OK
* checking whether the namespace can be loaded with stated dependencies ... OK
* checking whether the namespace can be unloaded cleanly ... OK
* checking loading without being on the library search path ... OK
* checking whether startup messages can be suppressed ... OK
* checking dependencies in R code ... OK
* checking S3 generic/method consistency ... OK
* checking replacement functions ... OK
* checking foreign function calls ... OK
* checking R code for possible problems ... NOTE
run_minter_scenarios: no visible binding for global variable ‘scenario’
run_mintweb_scenarios : run_single_scenario: no visible binding for
  global variable ‘timestep’
run_mintweb_scenarios : run_single_scenario: no visible binding for
  global variable ‘prevalence’
run_mintweb_scenarios: no visible binding for global variable
  ‘scenario’
Undefined global functions or variables:
  prevalence scenario timestep
* checking Rd files ... OK
* checking Rd metadata ... OK
* checking Rd cross-references ... OK
* checking for missing documentation entries ... OK
* checking for code/documentation mismatches ... OK
* checking Rd \usage sections ... OK
* checking Rd contents ... OK
* checking for unstated dependencies in examples ... OK
* checking installed files from ‘inst/doc’ ... OK
* checking files in ‘vignettes’ ... OK
* checking examples ... NONE
* checking for unstated dependencies in ‘tests’ ... OK
* checking tests ... ERROR
  Running ‘testthat.R’
Running the tests in ‘tests/testthat.R’ failed.
Last 13 lines of output:
   2.   ├─testthat::skip(paste(x, "not available for testing")) at tests/testthat/helpers.R:8:5
   3.   │ └─base::paste0(message, collapse = "\n")
   4.   └─base::paste(x, "not available for testing")
  ── Error ('test-emulator.R:39:3'): cases scenarios run ─────────────────────────
  Error in `skip_if_no_python_pkgs()`: object 'x' not found
  Backtrace:
      ▆
   1. └─MINTer:::skip_if_no_python_pkgs() at test-emulator.R:39:3
   2.   ├─testthat::skip(paste(x, "not available for testing")) at tests/testthat/helpers.R:8:5
   3.   │ └─base::paste0(message, collapse = "\n")
   4.   └─base::paste(x, "not available for testing")
  
  [ FAIL 2 | WARN 0 | SKIP 0 | PASS 8 ]
  Error: Test failures
  Execution halted
* checking for unstated dependencies in vignettes ... OK
* checking package vignettes ... OK
* checking re-building of vignette outputs ... OK
* checking PDF version of manual ... OK
* DONE
Status: 1 ERROR, 3 NOTEs
